Archive member included to satisfy reference by file (symbol)

c:/st/stm32cubeide_1.10.1/stm32cubeide/plugins/com.st.stm32cube.ide.mcu.externaltools.gnu-tools-for-stm32.10.3-2021.10.win32_1.0.0.202111181127/tools/bin/../lib/gcc/arm-none-eabi/10.3.1/../../../../arm-none-eabi/lib/thumb/v7e-m+fp/hard\libc_nano.a(lib_a-exit.o)
                              c:/st/stm32cubeide_1.10.1/stm32cubeide/plugins/com.st.stm32cube.ide.mcu.externaltools.gnu-tools-for-stm32.10.3-2021.10.win32_1.0.0.202111181127/tools/bin/../lib/gcc/arm-none-eabi/10.3.1/../../../../arm-none-eabi/lib/thumb/v7e-m+fp/hard/crt0.o (exit)
c:/st/stm32cubeide_1.10.1/stm32cubeide/plugins/com.st.stm32cube.ide.mcu.externaltools.gnu-tools-for-stm32.10.3-2021.10.win32_1.0.0.202111181127/tools/bin/../lib/gcc/arm-none-eabi/10.3.1/../../../../arm-none-eabi/lib/thumb/v7e-m+fp/hard\libc_nano.a(lib_a-impure.o)
                              c:/st/stm32cubeide_1.10.1/stm32cubeide/plugins/com.st.stm32cube.ide.mcu.externaltools.gnu-tools-for-stm32.10.3-2021.10.win32_1.0.0.202111181127/tools/bin/../lib/gcc/arm-none-eabi/10.3.1/../../../../arm-none-eabi/lib/thumb/v7e-m+fp/hard\libc_nano.a(lib_a-exit.o) (_global_impure_ptr)
c:/st/stm32cubeide_1.10.1/stm32cubeide/plugins/com.st.stm32cube.ide.mcu.externaltools.gnu-tools-for-stm32.10.3-2021.10.win32_1.0.0.202111181127/tools/bin/../lib/gcc/arm-none-eabi/10.3.1/../../../../arm-none-eabi/lib/thumb/v7e-m+fp/hard\libc_nano.a(lib_a-init.o)
                              c:/st/stm32cubeide_1.10.1/stm32cubeide/plugins/com.st.stm32cube.ide.mcu.externaltools.gnu-tools-for-stm32.10.3-2021.10.win32_1.0.0.202111181127/tools/bin/../lib/gcc/arm-none-eabi/10.3.1/../../../../arm-none-eabi/lib/thumb/v7e-m+fp/hard/crt0.o (__libc_init_array)
c:/st/stm32cubeide_1.10.1/stm32cubeide/plugins/com.st.stm32cube.ide.mcu.externaltools.gnu-tools-for-stm32.10.3-2021.10.win32_1.0.0.202111181127/tools/bin/../lib/gcc/arm-none-eabi/10.3.1/../../../../arm-none-eabi/lib/thumb/v7e-m+fp/hard\libc_nano.a(lib_a-memset.o)
                              c:/st/stm32cubeide_1.10.1/stm32cubeide/plugins/com.st.stm32cube.ide.mcu.externaltools.gnu-tools-for-stm32.10.3-2021.10.win32_1.0.0.202111181127/tools/bin/../lib/gcc/arm-none-eabi/10.3.1/../../../../arm-none-eabi/lib/thumb/v7e-m+fp/hard/crt0.o (memset)
c:/st/stm32cubeide_1.10.1/stm32cubeide/plugins/com.st.stm32cube.ide.mcu.externaltools.gnu-tools-for-stm32.10.3-2021.10.win32_1.0.0.202111181127/tools/bin/../lib/gcc/arm-none-eabi/10.3.1/thumb/v7e-m+fp/hard\libgcc.a(_arm_muldf3.o)
                              ./Core/Src/main.o (__aeabi_dmul)
c:/st/stm32cubeide_1.10.1/stm32cubeide/plugins/com.st.stm32cube.ide.mcu.externaltools.gnu-tools-for-stm32.10.3-2021.10.win32_1.0.0.202111181127/tools/bin/../lib/gcc/arm-none-eabi/10.3.1/thumb/v7e-m+fp/hard\libgcc.a(_arm_addsubdf3.o)
                              ./Core/Src/main.o (__aeabi_f2d)
c:/st/stm32cubeide_1.10.1/stm32cubeide/plugins/com.st.stm32cube.ide.mcu.externaltools.gnu-tools-for-stm32.10.3-2021.10.win32_1.0.0.202111181127/tools/bin/../lib/gcc/arm-none-eabi/10.3.1/thumb/v7e-m+fp/hard\libgcc.a(_arm_truncdfsf2.o)
                              ./Core/Src/main.o (__aeabi_d2f)
c:/st/stm32cubeide_1.10.1/stm32cubeide/plugins/com.st.stm32cube.ide.mcu.externaltools.gnu-tools-for-stm32.10.3-2021.10.win32_1.0.0.202111181127/tools/bin/../lib/gcc/arm-none-eabi/10.3.1/../../../../arm-none-eabi/lib/thumb/v7e-m+fp/hard\libnosys.a(_exit.o)
                              c:/st/stm32cubeide_1.10.1/stm32cubeide/plugins/com.st.stm32cube.ide.mcu.externaltools.gnu-tools-for-stm32.10.3-2021.10.win32_1.0.0.202111181127/tools/bin/../lib/gcc/arm-none-eabi/10.3.1/../../../../arm-none-eabi/lib/thumb/v7e-m+fp/hard\libc_nano.a(lib_a-exit.o) (_exit)

Discarded input sections

 .text          0x0000000000000000        0x0 c:/st/stm32cubeide_1.10.1/stm32cubeide/plugins/com.st.stm32cube.ide.mcu.externaltools.gnu-tools-for-stm32.10.3-2021.10.win32_1.0.0.202111181127/tools/bin/../lib/gcc/arm-none-eabi/10.3.1/thumb/v7e-m+fp/hard/crti.o
 .data          0x0000000000000000        0x0 c:/st/stm32cubeide_1.10.1/stm32cubeide/plugins/com.st.stm32cube.ide.mcu.externaltools.gnu-tools-for-stm32.10.3-2021.10.win32_1.0.0.202111181127/tools/bin/../lib/gcc/arm-none-eabi/10.3.1/thumb/v7e-m+fp/hard/crti.o
 .bss           0x0000000000000000        0x0 c:/st/stm32cubeide_1.10.1/stm32cubeide/plugins/com.st.stm32cube.ide.mcu.externaltools.gnu-tools-for-stm32.10.3-2021.10.win32_1.0.0.202111181127/tools/bin/../lib/gcc/arm-none-eabi/10.3.1/thumb/v7e-m+fp/hard/crti.o
 .data          0x0000000000000000        0x4 c:/st/stm32cubeide_1.10.1/stm32cubeide/plugins/com.st.stm32cube.ide.mcu.externaltools.gnu-tools-for-stm32.10.3-2021.10.win32_1.0.0.202111181127/tools/bin/../lib/gcc/arm-none-eabi/10.3.1/thumb/v7e-m+fp/hard/crtbegin.o
 .rodata        0x0000000000000000       0x24 c:/st/stm32cubeide_1.10.1/stm32cubeide/plugins/com.st.stm32cube.ide.mcu.externaltools.gnu-tools-for-stm32.10.3-2021.10.win32_1.0.0.202111181127/tools/bin/../lib/gcc/arm-none-eabi/10.3.1/thumb/v7e-m+fp/hard/crtbegin.o
 .text          0x0000000000000000       0x7c c:/st/stm32cubeide_1.10.1/stm32cubeide/plugins/com.st.stm32cube.ide.mcu.externaltools.gnu-tools-for-stm32.10.3-2021.10.win32_1.0.0.202111181127/tools/bin/../lib/gcc/arm-none-eabi/10.3.1/../../../../arm-none-eabi/lib/thumb/v7e-m+fp/hard/crt0.o
 .data          0x0000000000000000        0x0 c:/st/stm32cubeide_1.10.1/stm32cubeide/plugins/com.st.stm32cube.ide.mcu.externaltools.gnu-tools-for-stm32.10.3-2021.10.win32_1.0.0.202111181127/tools/bin/../lib/gcc/arm-none-eabi/10.3.1/../../../../arm-none-eabi/lib/thumb/v7e-m+fp/hard/crt0.o
 .bss           0x0000000000000000        0x0 c:/st/stm32cubeide_1.10.1/stm32cubeide/plugins/com.st.stm32cube.ide.mcu.externaltools.gnu-tools-for-stm32.10.3-2021.10.win32_1.0.0.202111181127/tools/bin/../lib/gcc/arm-none-eabi/10.3.1/../../../../arm-none-eabi/lib/thumb/v7e-m+fp/hard/crt0.o
 .ARM.extab     0x0000000000000000        0x0 c:/st/stm32cubeide_1.10.1/stm32cubeide/plugins/com.st.stm32cube.ide.mcu.externaltools.gnu-tools-for-stm32.10.3-2021.10.win32_1.0.0.202111181127/tools/bin/../lib/gcc/arm-none-eabi/10.3.1/../../../../arm-none-eabi/lib/thumb/v7e-m+fp/hard/crt0.o
 .ARM.exidx     0x0000000000000000       0x10 c:/st/stm32cubeide_1.10.1/stm32cubeide/plugins/com.st.stm32cube.ide.mcu.externaltools.gnu-tools-for-stm32.10.3-2021.10.win32_1.0.0.202111181127/tools/bin/../lib/gcc/arm-none-eabi/10.3.1/../../../../arm-none-eabi/lib/thumb/v7e-m+fp/hard/crt0.o
 .ARM.attributes
                0x0000000000000000       0x1c c:/st/stm32cubeide_1.10.1/stm32cubeide/plugins/com.st.stm32cube.ide.mcu.externaltools.gnu-tools-for-stm32.10.3-2021.10.win32_1.0.0.202111181127/tools/bin/../lib/gcc/arm-none-eabi/10.3.1/../../../../arm-none-eabi/lib/thumb/v7e-m+fp/hard/crt0.o
 .group         0x0000000000000000        0xc ./Core/Src/UART.o
 .group         0x0000000000000000        0xc ./Core/Src/UART.o
 .group         0x0000000000000000        0xc ./Core/Src/UART.o
 .group         0x0000000000000000        0xc ./Core/Src/UART.o
 .group         0x0000000000000000        0xc ./Core/Src/UART.o
 .group         0x0000000000000000        0xc ./Core/Src/UART.o
 .group         0x0000000000000000        0xc ./Core/Src/UART.o
 .group         0x0000000000000000        0xc ./Core/Src/UART.o
 .group         0x0000000000000000        0xc ./Core/Src/UART.o
 .group         0x0000000000000000        0xc ./Core/Src/UART.o
 .group         0x0000000000000000        0xc ./Core/Src/UART.o
 .group         0x0000000000000000        0xc ./Core/Src/UART.o
 .group         0x0000000000000000        0xc ./Core/Src/UART.o
 .group         0x0000000000000000        0xc ./Core/Src/UART.o
 .text          0x0000000000000000        0x0 ./Core/Src/UART.o
 .data          0x0000000000000000        0x0 ./Core/Src/UART.o
 .bss           0x0000000000000000        0x0 ./Core/Src/UART.o
 .text.USART_IRQHandler
                0x0000000000000000       0x94 ./Core/Src/UART.o
 .group         0x0000000000000000        0xc ./Core/Src/button.o
 .group         0x0000000000000000        0xc ./Core/Src/button.o
 .group         0x0000000000000000        0xc ./Core/Src/button.o
 .group         0x0000000000000000        0xc ./Core/Src/button.o
 .group         0x0000000000000000        0xc ./Core/Src/button.o
 .group         0x0000000000000000        0xc ./Core/Src/button.o
 .group         0x0000000000000000        0xc ./Core/Src/button.o
 .group         0x0000000000000000        0xc ./Core/Src/button.o
 .group         0x0000000000000000        0xc ./Core/Src/button.o
 .group         0x0000000000000000        0xc ./Core/Src/button.o
 .group         0x0000000000000000        0xc ./Core/Src/button.o
 .group         0x0000000000000000        0xc ./Core/Src/button.o
 .group         0x0000000000000000        0xc ./Core/Src/button.o
 .group         0x0000000000000000        0xc ./Core/Src/button.o
 .text          0x0000000000000000        0x0 ./Core/Src/button.o
 .data          0x0000000000000000        0x0 ./Core/Src/button.o
 .bss           0x0000000000000000        0x0 ./Core/Src/button.o
 .text.button_init
                0x0000000000000000       0x38 ./Core/Src/button.o
 .text.button_isPressed
                0x0000000000000000       0x2c ./Core/Src/button.o
 .debug_info    0x0000000000000000      0x197 ./Core/Src/button.o
 .debug_abbrev  0x0000000000000000       0xde ./Core/Src/button.o
 .debug_aranges
                0x0000000000000000       0x28 ./Core/Src/button.o
 .debug_ranges  0x0000000000000000       0x18 ./Core/Src/button.o
 .debug_macro   0x0000000000000000       0xcb ./Core/Src/button.o
 .debug_macro   0x0000000000000000      0xa72 ./Core/Src/button.o
 .debug_macro   0x0000000000000000       0x28 ./Core/Src/button.o
 .debug_macro   0x0000000000000000       0x22 ./Core/Src/button.o
 .debug_macro   0x0000000000000000       0x8e ./Core/Src/button.o
 .debug_macro   0x0000000000000000       0x51 ./Core/Src/button.o
 .debug_macro   0x0000000000000000      0x103 ./Core/Src/button.o
 .debug_macro   0x0000000000000000       0x6a ./Core/Src/button.o
 .debug_macro   0x0000000000000000      0x1df ./Core/Src/button.o
 .debug_macro   0x0000000000000000       0x1c ./Core/Src/button.o
 .debug_macro   0x0000000000000000       0x22 ./Core/Src/button.o
 .debug_macro   0x0000000000000000       0xfb ./Core/Src/button.o
 .debug_macro   0x0000000000000000     0x1011 ./Core/Src/button.o
 .debug_macro   0x0000000000000000      0x11f ./Core/Src/button.o
 .debug_macro   0x0000000000000000    0x1a17a ./Core/Src/button.o
 .debug_line    0x0000000000000000      0x45f ./Core/Src/button.o
 .debug_str     0x0000000000000000    0x9e123 ./Core/Src/button.o
 .comment       0x0000000000000000       0x51 ./Core/Src/button.o
 .debug_frame   0x0000000000000000       0x58 ./Core/Src/button.o
 .ARM.attributes
                0x0000000000000000       0x34 ./Core/Src/button.o
 .group         0x0000000000000000        0xc ./Core/Src/clock.o
 .group         0x0000000000000000        0xc ./Core/Src/clock.o
 .group         0x0000000000000000        0xc ./Core/Src/clock.o
 .group         0x0000000000000000        0xc ./Core/Src/clock.o
 .group         0x0000000000000000        0xc ./Core/Src/clock.o
 .group         0x0000000000000000        0xc ./Core/Src/clock.o
 .group         0x0000000000000000        0xc ./Core/Src/clock.o
 .group         0x0000000000000000        0xc ./Core/Src/clock.o
 .group         0x0000000000000000        0xc ./Core/Src/clock.o
 .group         0x0000000000000000        0xc ./Core/Src/clock.o
 .group         0x0000000000000000        0xc ./Core/Src/clock.o
 .group         0x0000000000000000        0xc ./Core/Src/clock.o
 .group         0x0000000000000000        0xc ./Core/Src/clock.o
 .group         0x0000000000000000        0xc ./Core/Src/clock.o
 .text          0x0000000000000000        0x0 ./Core/Src/clock.o
 .data          0x0000000000000000        0x0 ./Core/Src/clock.o
 .bss           0x0000000000000000        0x0 ./Core/Src/clock.o
 .debug_macro   0x0000000000000000      0xa72 ./Core/Src/clock.o
 .debug_macro   0x0000000000000000       0x28 ./Core/Src/clock.o
 .debug_macro   0x0000000000000000       0x22 ./Core/Src/clock.o
 .debug_macro   0x0000000000000000       0x8e ./Core/Src/clock.o
 .debug_macro   0x0000000000000000       0x51 ./Core/Src/clock.o
 .debug_macro   0x0000000000000000      0x103 ./Core/Src/clock.o
 .debug_macro   0x0000000000000000       0x6a ./Core/Src/clock.o
 .debug_macro   0x0000000000000000      0x1df ./Core/Src/clock.o
 .debug_macro   0x0000000000000000       0x1c ./Core/Src/clock.o
 .debug_macro   0x0000000000000000       0x22 ./Core/Src/clock.o
 .debug_macro   0x0000000000000000       0xfb ./Core/Src/clock.o
 .debug_macro   0x0000000000000000     0x1011 ./Core/Src/clock.o
 .debug_macro   0x0000000000000000      0x11f ./Core/Src/clock.o
 .debug_macro   0x0000000000000000    0x1a17a ./Core/Src/clock.o
 .group         0x0000000000000000        0xc ./Core/Src/led.o
 .group         0x0000000000000000        0xc ./Core/Src/led.o
 .group         0x0000000000000000        0xc ./Core/Src/led.o
 .group         0x0000000000000000        0xc ./Core/Src/led.o
 .group         0x0000000000000000        0xc ./Core/Src/led.o
 .group         0x0000000000000000        0xc ./Core/Src/led.o
 .group         0x0000000000000000        0xc ./Core/Src/led.o
 .group         0x0000000000000000        0xc ./Core/Src/led.o
 .group         0x0000000000000000        0xc ./Core/Src/led.o
 .group         0x0000000000000000        0xc ./Core/Src/led.o
 .group         0x0000000000000000        0xc ./Core/Src/led.o
 .group         0x0000000000000000        0xc ./Core/Src/led.o
 .group         0x0000000000000000        0xc ./Core/Src/led.o
 .group         0x0000000000000000        0xc ./Core/Src/led.o
 .text          0x0000000000000000        0x0 ./Core/Src/led.o
 .data          0x0000000000000000        0x0 ./Core/Src/led.o
 .bss           0x0000000000000000        0x0 ./Core/Src/led.o
 .text.led_isOn
                0x0000000000000000       0x2a ./Core/Src/led.o
 .debug_macro   0x0000000000000000      0xa72 ./Core/Src/led.o
 .debug_macro   0x0000000000000000       0x28 ./Core/Src/led.o
 .debug_macro   0x0000000000000000       0x22 ./Core/Src/led.o
 .debug_macro   0x0000000000000000       0x8e ./Core/Src/led.o
 .debug_macro   0x0000000000000000       0x51 ./Core/Src/led.o
 .debug_macro   0x0000000000000000      0x103 ./Core/Src/led.o
 .debug_macro   0x0000000000000000       0x6a ./Core/Src/led.o
 .debug_macro   0x0000000000000000      0x1df ./Core/Src/led.o
 .debug_macro   0x0000000000000000       0x1c ./Core/Src/led.o
 .debug_macro   0x0000000000000000       0x22 ./Core/Src/led.o
 .debug_macro   0x0000000000000000       0xfb ./Core/Src/led.o
 .debug_macro   0x0000000000000000     0x1011 ./Core/Src/led.o
 .debug_macro   0x0000000000000000      0x11f ./Core/Src/led.o
 .debug_macro   0x0000000000000000    0x1a17a ./Core/Src/led.o
 .group         0x0000000000000000        0xc ./Core/Src/main.o
 .group         0x0000000000000000        0xc ./Core/Src/main.o
 .group         0x0000000000000000        0xc ./Core/Src/main.o
 .group         0x0000000000000000        0xc ./Core/Src/main.o
 .group         0x0000000000000000        0xc ./Core/Src/main.o
 .group         0x0000000000000000        0xc ./Core/Src/main.o
 .group         0x0000000000000000        0xc ./Core/Src/main.o
 .group         0x0000000000000000        0xc ./Core/Src/main.o
 .group         0x0000000000000000        0xc ./Core/Src/main.o
 .group         0x0000000000000000        0xc ./Core/Src/main.o
 .group         0x0000000000000000        0xc ./Core/Src/main.o
 .group         0x0000000000000000        0xc ./Core/Src/main.o
 .group         0x0000000000000000        0xc ./Core/Src/main.o
 .group         0x0000000000000000        0xc ./Core/Src/main.o
 .group         0x0000000000000000        0xc ./Core/Src/main.o
 .group         0x0000000000000000        0xc ./Core/Src/main.o
 .group         0x0000000000000000        0xc ./Core/Src/main.o
 .group         0x0000000000000000        0xc ./Core/Src/main.o
 .group         0x0000000000000000        0xc ./Core/Src/main.o
 .group         0x0000000000000000        0xc ./Core/Src/main.o
 .group         0x0000000000000000        0xc ./Core/Src/main.o
 .group         0x0000000000000000        0xc ./Core/Src/main.o
 .group         0x0000000000000000        0xc ./Core/Src/main.o
 .group         0x0000000000000000        0xc ./Core/Src/main.o
 .group         0x0000000000000000        0xc ./Core/Src/main.o
 .group         0x0000000000000000        0xc ./Core/Src/main.o
 .group         0x0000000000000000        0xc ./Core/Src/main.o
 .group         0x0000000000000000        0xc ./Core/Src/main.o
 .group         0x0000000000000000        0xc ./Core/Src/main.o
 .group         0x0000000000000000        0xc ./Core/Src/main.o
 .group         0x0000000000000000        0xc ./Core/Src/main.o
 .group         0x0000000000000000        0xc ./Core/Src/main.o
 .group         0x0000000000000000        0xc ./Core/Src/main.o
 .group         0x0000000000000000        0xc ./Core/Src/main.o
 .group         0x0000000000000000        0xc ./Core/Src/main.o
 .group         0x0000000000000000        0xc ./Core/Src/main.o
 .group         0x0000000000000000        0xc ./Core/Src/main.o
 .group         0x0000000000000000        0xc ./Core/Src/main.o
 .group         0x0000000000000000        0xc ./Core/Src/main.o
 .group         0x0000000000000000        0xc ./Core/Src/main.o
 .group         0x0000000000000000        0xc ./Core/Src/main.o
 .group         0x0000000000000000        0xc ./Core/Src/main.o
 .group         0x0000000000000000        0xc ./Core/Src/main.o
 .group         0x0000000000000000        0xc ./Core/Src/main.o
 .group         0x0000000000000000        0xc ./Core/Src/main.o
 .group         0x0000000000000000        0xc ./Core/Src/main.o
 .text          0x0000000000000000        0x0 ./Core/Src/main.o
 .data          0x0000000000000000        0x0 ./Core/Src/main.o
 .bss           0x0000000000000000        0x0 ./Core/Src/main.o
 .bss.buffer    0x0000000000000000       0x64 ./Core/Src/main.o
 .debug_macro   0x0000000000000000      0xa72 ./Core/Src/main.o
 .debug_macro   0x0000000000000000       0x28 ./Core/Src/main.o
 .debug_macro   0x0000000000000000       0x22 ./Core/Src/main.o
 .debug_macro   0x0000000000000000       0x8e ./Core/Src/main.o
 .debug_macro   0x0000000000000000       0x51 ./Core/Src/main.o
 .debug_macro   0x0000000000000000      0x103 ./Core/Src/main.o
 .debug_macro   0x0000000000000000       0x6a ./Core/Src/main.o
 .debug_macro   0x0000000000000000      0x1df ./Core/Src/main.o
 .debug_macro   0x0000000000000000       0x1c ./Core/Src/main.o
 .debug_macro   0x0000000000000000       0x22 ./Core/Src/main.o
 .debug_macro   0x0000000000000000       0xfb ./Core/Src/main.o
 .debug_macro   0x0000000000000000     0x1011 ./Core/Src/main.o
 .debug_macro   0x0000000000000000      0x11f ./Core/Src/main.o
 .debug_macro   0x0000000000000000    0x1a17a ./Core/Src/main.o
 .group         0x0000000000000000        0xc ./Core/Src/system_stm32l4xx.o
 .group         0x0000000000000000        0xc ./Core/Src/system_stm32l4xx.o
 .group         0x0000000000000000        0xc ./Core/Src/system_stm32l4xx.o
 .group         0x0000000000000000        0xc ./Core/Src/system_stm32l4xx.o
 .group         0x0000000000000000        0xc ./Core/Src/system_stm32l4xx.o
 .group         0x0000000000000000        0xc ./Core/Src/system_stm32l4xx.o
 .group         0x0000000000000000        0xc ./Core/Src/system_stm32l4xx.o
 .group         0x0000000000000000        0xc ./Core/Src/system_stm32l4xx.o
 .group         0x0000000000000000        0xc ./Core/Src/system_stm32l4xx.o
 .group         0x0000000000000000        0xc ./Core/Src/system_stm32l4xx.o
 .group         0x0000000000000000        0xc ./Core/Src/system_stm32l4xx.o
 .group         0x0000000000000000        0xc ./Core/Src/system_stm32l4xx.o
 .group         0x0000000000000000        0xc ./Core/Src/system_stm32l4xx.o
 .group         0x0000000000000000        0xc ./Core/Src/system_stm32l4xx.o
 .group         0x0000000000000000        0xc ./Core/Src/system_stm32l4xx.o
 .group         0x0000000000000000        0xc ./Core/Src/system_stm32l4xx.o
 .text          0x0000000000000000        0x0 ./Core/Src/system_stm32l4xx.o
 .data          0x0000000000000000        0x0 ./Core/Src/system_stm32l4xx.o
 .bss           0x0000000000000000        0x0 ./Core/Src/system_stm32l4xx.o
 .data.SystemCoreClock
                0x0000000000000000        0x4 ./Core/Src/system_stm32l4xx.o
 .rodata.AHBPrescTable
                0x0000000000000000       0x10 ./Core/Src/system_stm32l4xx.o
 .rodata.APBPrescTable
                0x0000000000000000        0x8 ./Core/Src/system_stm32l4xx.o
 .rodata.MSIRangeTable
                0x0000000000000000       0x30 ./Core/Src/system_stm32l4xx.o
 .text.SystemCoreClockUpdate
                0x0000000000000000      0x15c ./Core/Src/system_stm32l4xx.o
 .debug_macro   0x0000000000000000      0xa72 ./Core/Src/system_stm32l4xx.o
 .debug_macro   0x0000000000000000       0x28 ./Core/Src/system_stm32l4xx.o
 .debug_macro   0x0000000000000000       0x22 ./Core/Src/system_stm32l4xx.o
 .debug_macro   0x0000000000000000       0x8e ./Core/Src/system_stm32l4xx.o
 .debug_macro   0x0000000000000000       0x51 ./Core/Src/system_stm32l4xx.o
 .debug_macro   0x0000000000000000      0x103 ./Core/Src/system_stm32l4xx.o
 .debug_macro   0x0000000000000000       0x6a ./Core/Src/system_stm32l4xx.o
 .debug_macro   0x0000000000000000      0x1df ./Core/Src/system_stm32l4xx.o
 .debug_macro   0x0000000000000000       0x1c ./Core/Src/system_stm32l4xx.o
 .debug_macro   0x0000000000000000       0x22 ./Core/Src/system_stm32l4xx.o
 .debug_macro   0x0000000000000000       0xfb ./Core/Src/system_stm32l4xx.o
 .debug_macro   0x0000000000000000     0x1011 ./Core/Src/system_stm32l4xx.o
 .debug_macro   0x0000000000000000      0x11f ./Core/Src/system_stm32l4xx.o
 .debug_macro   0x0000000000000000    0x1a17a ./Core/Src/system_stm32l4xx.o
 .group         0x0000000000000000        0xc ./Core/Src/timer.o
 .group         0x0000000000000000        0xc ./Core/Src/timer.o
 .group         0x0000000000000000        0xc ./Core/Src/timer.o
 .group         0x0000000000000000        0xc ./Core/Src/timer.o
 .group         0x0000000000000000        0xc ./Core/Src/timer.o
 .group         0x0000000000000000        0xc ./Core/Src/timer.o
 .group         0x0000000000000000        0xc ./Core/Src/timer.o
 .group         0x0000000000000000        0xc ./Core/Src/timer.o
 .group         0x0000000000000000        0xc ./Core/Src/timer.o
 .group         0x0000000000000000        0xc ./Core/Src/timer.o
 .group         0x0000000000000000        0xc ./Core/Src/timer.o
 .group         0x0000000000000000        0xc ./Core/Src/timer.o
 .group         0x0000000000000000        0xc ./Core/Src/timer.o
 .group         0x0000000000000000        0xc ./Core/Src/timer.o
 .text          0x0000000000000000        0x0 ./Core/Src/timer.o
 .data          0x0000000000000000        0x0 ./Core/Src/timer.o
 .bss           0x0000000000000000        0x0 ./Core/Src/timer.o
 .text.TIM12_Init
                0x0000000000000000       0x58 ./Core/Src/timer.o
 .debug_info    0x0000000000000000      0x44d ./Core/Src/timer.o
 .debug_abbrev  0x0000000000000000       0x9d ./Core/Src/timer.o
 .debug_aranges
                0x0000000000000000       0x20 ./Core/Src/timer.o
 .debug_ranges  0x0000000000000000       0x10 ./Core/Src/timer.o
 .debug_macro   0x0000000000000000       0xc9 ./Core/Src/timer.o
 .debug_macro   0x0000000000000000      0xa72 ./Core/Src/timer.o
 .debug_macro   0x0000000000000000       0x28 ./Core/Src/timer.o
 .debug_macro   0x0000000000000000       0x22 ./Core/Src/timer.o
 .debug_macro   0x0000000000000000       0x8e ./Core/Src/timer.o
 .debug_macro   0x0000000000000000       0x51 ./Core/Src/timer.o
 .debug_macro   0x0000000000000000      0x103 ./Core/Src/timer.o
 .debug_macro   0x0000000000000000       0x6a ./Core/Src/timer.o
 .debug_macro   0x0000000000000000      0x1df ./Core/Src/timer.o
 .debug_macro   0x0000000000000000       0x1c ./Core/Src/timer.o
 .debug_macro   0x0000000000000000       0x22 ./Core/Src/timer.o
 .debug_macro   0x0000000000000000       0xfb ./Core/Src/timer.o
 .debug_macro   0x0000000000000000     0x1011 ./Core/Src/timer.o
 .debug_macro   0x0000000000000000      0x11f ./Core/Src/timer.o
 .debug_macro   0x0000000000000000    0x1a17a ./Core/Src/timer.o
 .debug_line    0x0000000000000000      0x463 ./Core/Src/timer.o
 .debug_str     0x0000000000000000    0x9e25f ./Core/Src/timer.o
 .comment       0x0000000000000000       0x51 ./Core/Src/timer.o
 .debug_frame   0x0000000000000000       0x30 ./Core/Src/timer.o
 .ARM.attributes
                0x0000000000000000       0x34 ./Core/Src/timer.o
 .text          0x0000000000000000       0x14 ./Core/Startup/startup_stm32l476rgtx.o
 .data          0x0000000000000000        0x0 ./Core/Startup/startup_stm32l476rgtx.o
 .bss           0x0000000000000000        0x0 ./Core/Startup/startup_stm32l476rgtx.o
 .text          0x0000000000000000        0x0 c:/st/stm32cubeide_1.10.1/stm32cubeide/plugins/com.st.stm32cube.ide.mcu.externaltools.gnu-tools-for-stm32.10.3-2021.10.win32_1.0.0.202111181127/tools/bin/../lib/gcc/arm-none-eabi/10.3.1/../../../../arm-none-eabi/lib/thumb/v7e-m+fp/hard\libc_nano.a(lib_a-exit.o)
 .data          0x0000000000000000        0x0 c:/st/stm32cubeide_1.10.1/stm32cubeide/plugins/com.st.stm32cube.ide.mcu.externaltools.gnu-tools-for-stm32.10.3-2021.10.win32_1.0.0.202111181127/tools/bin/../lib/gcc/arm-none-eabi/10.3.1/../../../../arm-none-eabi/lib/thumb/v7e-m+fp/hard\libc_nano.a(lib_a-exit.o)
 .bss           0x0000000000000000        0x0 c:/st/stm32cubeide_1.10.1/stm32cubeide/plugins/com.st.stm32cube.ide.mcu.externaltools.gnu-tools-for-stm32.10.3-2021.10.win32_1.0.0.202111181127/tools/bin/../lib/gcc/arm-none-eabi/10.3.1/../../../../arm-none-eabi/lib/thumb/v7e-m+fp/hard\libc_nano.a(lib_a-exit.o)
 .text.exit     0x0000000000000000       0x28 c:/st/stm32cubeide_1.10.1/stm32cubeide/plugins/com.st.stm32cube.ide.mcu.externaltools.gnu-tools-for-stm32.10.3-2021.10.win32_1.0.0.202111181127/tools/bin/../lib/gcc/arm-none-eabi/10.3.1/../../../../arm-none-eabi/lib/thumb/v7e-m+fp/hard\libc_nano.a(lib_a-exit.o)
 .debug_frame   0x0000000000000000       0x28 c:/st/stm32cubeide_1.10.1/stm32cubeide/plugins/com.st.stm32cube.ide.mcu.externaltools.gnu-tools-for-stm32.10.3-2021.10.win32_1.0.0.202111181127/tools/bin/../lib/gcc/arm-none-eabi/10.3.1/../../../../arm-none-eabi/lib/thumb/v7e-m+fp/hard\libc_nano.a(lib_a-exit.o)
 .ARM.attributes
                0x0000000000000000       0x34 c:/st/stm32cubeide_1.10.1/stm32cubeide/plugins/com.st.stm32cube.ide.mcu.externaltools.gnu-tools-for-stm32.10.3-2021.10.win32_1.0.0.202111181127/tools/bin/../lib/gcc/arm-none-eabi/10.3.1/../../../../arm-none-eabi/lib/thumb/v7e-m+fp/hard\libc_nano.a(lib_a-exit.o)
 .text          0x0000000000000000        0x0 c:/st/stm32cubeide_1.10.1/stm32cubeide/plugins/com.st.stm32cube.ide.mcu.externaltools.gnu-tools-for-stm32.10.3-2021.10.win32_1.0.0.202111181127/tools/bin/../lib/gcc/arm-none-eabi/10.3.1/../../../../arm-none-eabi/lib/thumb/v7e-m+fp/hard\libc_nano.a(lib_a-impure.o)
 .data          0x0000000000000000        0x0 c:/st/stm32cubeide_1.10.1/stm32cubeide/plugins/com.st.stm32cube.ide.mcu.externaltools.gnu-tools-for-stm32.10.3-2021.10.win32_1.0.0.202111181127/tools/bin/../lib/gcc/arm-none-eabi/10.3.1/../../../../arm-none-eabi/lib/thumb/v7e-m+fp/hard\libc_nano.a(lib_a-impure.o)
 .bss           0x0000000000000000        0x0 c:/st/stm32cubeide_1.10.1/stm32cubeide/plugins/com.st.stm32cube.ide.mcu.externaltools.gnu-tools-for-stm32.10.3-2021.10.win32_1.0.0.202111181127/tools/bin/../lib/gcc/arm-none-eabi/10.3.1/../../../../arm-none-eabi/lib/thumb/v7e-m+fp/hard\libc_nano.a(lib_a-impure.o)
 .data._impure_ptr
                0x0000000000000000        0x4 c:/st/stm32cubeide_1.10.1/stm32cubeide/plugins/com.st.stm32cube.ide.mcu.externaltools.gnu-tools-for-stm32.10.3-2021.10.win32_1.0.0.202111181127/tools/bin/../lib/gcc/arm-none-eabi/10.3.1/../../../../arm-none-eabi/lib/thumb/v7e-m+fp/hard\libc_nano.a(lib_a-impure.o)
 .data.impure_data
                0x0000000000000000       0x60 c:/st/stm32cubeide_1.10.1/stm32cubeide/plugins/com.st.stm32cube.ide.mcu.externaltools.gnu-tools-for-stm32.10.3-2021.10.win32_1.0.0.202111181127/tools/bin/../lib/gcc/arm-none-eabi/10.3.1/../../../../arm-none-eabi/lib/thumb/v7e-m+fp/hard\libc_nano.a(lib_a-impure.o)
 .rodata._global_impure_ptr
                0x0000000000000000        0x4 c:/st/stm32cubeide_1.10.1/stm32cubeide/plugins/com.st.stm32cube.ide.mcu.externaltools.gnu-tools-for-stm32.10.3-2021.10.win32_1.0.0.202111181127/tools/bin/../lib/gcc/arm-none-eabi/10.3.1/../../../../arm-none-eabi/lib/thumb/v7e-m+fp/hard\libc_nano.a(lib_a-impure.o)
 .ARM.attributes
                0x0000000000000000       0x34 c:/st/stm32cubeide_1.10.1/stm32cubeide/plugins/com.st.stm32cube.ide.mcu.externaltools.gnu-tools-for-stm32.10.3-2021.10.win32_1.0.0.202111181127/tools/bin/../lib/gcc/arm-none-eabi/10.3.1/../../../../arm-none-eabi/lib/thumb/v7e-m+fp/hard\libc_nano.a(lib_a-impure.o)
 .text          0x0000000000000000        0x0 c:/st/stm32cubeide_1.10.1/stm32cubeide/plugins/com.st.stm32cube.ide.mcu.externaltools.gnu-tools-for-stm32.10.3-2021.10.win32_1.0.0.202111181127/tools/bin/../lib/gcc/arm-none-eabi/10.3.1/../../../../arm-none-eabi/lib/thumb/v7e-m+fp/hard\libc_nano.a(lib_a-init.o)
 .data          0x0000000000000000        0x0 c:/st/stm32cubeide_1.10.1/stm32cubeide/plugins/com.st.stm32cube.ide.mcu.externaltools.gnu-tools-for-stm32.10.3-2021.10.win32_1.0.0.202111181127/tools/bin/../lib/gcc/arm-none-eabi/10.3.1/../../../../arm-none-eabi/lib/thumb/v7e-m+fp/hard\libc_nano.a(lib_a-init.o)
 .bss           0x0000000000000000        0x0 c:/st/stm32cubeide_1.10.1/stm32cubeide/plugins/com.st.stm32cube.ide.mcu.externaltools.gnu-tools-for-stm32.10.3-2021.10.win32_1.0.0.202111181127/tools/bin/../lib/gcc/arm-none-eabi/10.3.1/../../../../arm-none-eabi/lib/thumb/v7e-m+fp/hard\libc_nano.a(lib_a-init.o)
 .text          0x0000000000000000        0x0 c:/st/stm32cubeide_1.10.1/stm32cubeide/plugins/com.st.stm32cube.ide.mcu.externaltools.gnu-tools-for-stm32.10.3-2021.10.win32_1.0.0.202111181127/tools/bin/../lib/gcc/arm-none-eabi/10.3.1/../../../../arm-none-eabi/lib/thumb/v7e-m+fp/hard\libc_nano.a(lib_a-memset.o)
 .data          0x0000000000000000        0x0 c:/st/stm32cubeide_1.10.1/stm32cubeide/plugins/com.st.stm32cube.ide.mcu.externaltools.gnu-tools-for-stm32.10.3-2021.10.win32_1.0.0.202111181127/tools/bin/../lib/gcc/arm-none-eabi/10.3.1/../../../../arm-none-eabi/lib/thumb/v7e-m+fp/hard\libc_nano.a(lib_a-memset.o)
 .bss           0x0000000000000000        0x0 c:/st/stm32cubeide_1.10.1/stm32cubeide/plugins/com.st.stm32cube.ide.mcu.externaltools.gnu-tools-for-stm32.10.3-2021.10.win32_1.0.0.202111181127/tools/bin/../lib/gcc/arm-none-eabi/10.3.1/../../../../arm-none-eabi/lib/thumb/v7e-m+fp/hard\libc_nano.a(lib_a-memset.o)
 .text.memset   0x0000000000000000       0x10 c:/st/stm32cubeide_1.10.1/stm32cubeide/plugins/com.st.stm32cube.ide.mcu.externaltools.gnu-tools-for-stm32.10.3-2021.10.win32_1.0.0.202111181127/tools/bin/../lib/gcc/arm-none-eabi/10.3.1/../../../../arm-none-eabi/lib/thumb/v7e-m+fp/hard\libc_nano.a(lib_a-memset.o)
 .debug_frame   0x0000000000000000       0x20 c:/st/stm32cubeide_1.10.1/stm32cubeide/plugins/com.st.stm32cube.ide.mcu.externaltools.gnu-tools-for-stm32.10.3-2021.10.win32_1.0.0.202111181127/tools/bin/../lib/gcc/arm-none-eabi/10.3.1/../../../../arm-none-eabi/lib/thumb/v7e-m+fp/hard\libc_nano.a(lib_a-memset.o)
 .ARM.attributes
                0x0000000000000000       0x34 c:/st/stm32cubeide_1.10.1/stm32cubeide/plugins/com.st.stm32cube.ide.mcu.externaltools.gnu-tools-for-stm32.10.3-2021.10.win32_1.0.0.202111181127/tools/bin/../lib/gcc/arm-none-eabi/10.3.1/../../../../arm-none-eabi/lib/thumb/v7e-m+fp/hard\libc_nano.a(lib_a-memset.o)
 .data          0x0000000000000000        0x0 c:/st/stm32cubeide_1.10.1/stm32cubeide/plugins/com.st.stm32cube.ide.mcu.externaltools.gnu-tools-for-stm32.10.3-2021.10.win32_1.0.0.202111181127/tools/bin/../lib/gcc/arm-none-eabi/10.3.1/thumb/v7e-m+fp/hard\libgcc.a(_arm_muldf3.o)
 .bss           0x0000000000000000        0x0 c:/st/stm32cubeide_1.10.1/stm32cubeide/plugins/com.st.stm32cube.ide.mcu.externaltools.gnu-tools-for-stm32.10.3-2021.10.win32_1.0.0.202111181127/tools/bin/../lib/gcc/arm-none-eabi/10.3.1/thumb/v7e-m+fp/hard\libgcc.a(_arm_muldf3.o)
 .data          0x0000000000000000        0x0 c:/st/stm32cubeide_1.10.1/stm32cubeide/plugins/com.st.stm32cube.ide.mcu.externaltools.gnu-tools-for-stm32.10.3-2021.10.win32_1.0.0.202111181127/tools/bin/../lib/gcc/arm-none-eabi/10.3.1/thumb/v7e-m+fp/hard\libgcc.a(_arm_addsubdf3.o)
 .bss           0x0000000000000000        0x0 c:/st/stm32cubeide_1.10.1/stm32cubeide/plugins/com.st.stm32cube.ide.mcu.externaltools.gnu-tools-for-stm32.10.3-2021.10.win32_1.0.0.202111181127/tools/bin/../lib/gcc/arm-none-eabi/10.3.1/thumb/v7e-m+fp/hard\libgcc.a(_arm_addsubdf3.o)
 .data          0x0000000000000000        0x0 c:/st/stm32cubeide_1.10.1/stm32cubeide/plugins/com.st.stm32cube.ide.mcu.externaltools.gnu-tools-for-stm32.10.3-2021.10.win32_1.0.0.202111181127/tools/bin/../lib/gcc/arm-none-eabi/10.3.1/thumb/v7e-m+fp/hard\libgcc.a(_arm_truncdfsf2.o)
 .bss           0x0000000000000000        0x0 c:/st/stm32cubeide_1.10.1/stm32cubeide/plugins/com.st.stm32cube.ide.mcu.externaltools.gnu-tools-for-stm32.10.3-2021.10.win32_1.0.0.202111181127/tools/bin/../lib/gcc/arm-none-eabi/10.3.1/thumb/v7e-m+fp/hard\libgcc.a(_arm_truncdfsf2.o)
 .text          0x0000000000000000        0x0 c:/st/stm32cubeide_1.10.1/stm32cubeide/plugins/com.st.stm32cube.ide.mcu.externaltools.gnu-tools-for-stm32.10.3-2021.10.win32_1.0.0.202111181127/tools/bin/../lib/gcc/arm-none-eabi/10.3.1/../../../../arm-none-eabi/lib/thumb/v7e-m+fp/hard\libnosys.a(_exit.o)
 .data          0x0000000000000000        0x0 c:/st/stm32cubeide_1.10.1/stm32cubeide/plugins/com.st.stm32cube.ide.mcu.externaltools.gnu-tools-for-stm32.10.3-2021.10.win32_1.0.0.202111181127/tools/bin/../lib/gcc/arm-none-eabi/10.3.1/../../../../arm-none-eabi/lib/thumb/v7e-m+fp/hard\libnosys.a(_exit.o)
 .bss           0x0000000000000000        0x0 c:/st/stm32cubeide_1.10.1/stm32cubeide/plugins/com.st.stm32cube.ide.mcu.externaltools.gnu-tools-for-stm32.10.3-2021.10.win32_1.0.0.202111181127/tools/bin/../lib/gcc/arm-none-eabi/10.3.1/../../../../arm-none-eabi/lib/thumb/v7e-m+fp/hard\libnosys.a(_exit.o)
 .text._exit    0x0000000000000000        0x2 c:/st/stm32cubeide_1.10.1/stm32cubeide/plugins/com.st.stm32cube.ide.mcu.externaltools.gnu-tools-for-stm32.10.3-2021.10.win32_1.0.0.202111181127/tools/bin/../lib/gcc/arm-none-eabi/10.3.1/../../../../arm-none-eabi/lib/thumb/v7e-m+fp/hard\libnosys.a(_exit.o)
 .debug_frame   0x0000000000000000       0x20 c:/st/stm32cubeide_1.10.1/stm32cubeide/plugins/com.st.stm32cube.ide.mcu.externaltools.gnu-tools-for-stm32.10.3-2021.10.win32_1.0.0.202111181127/tools/bin/../lib/gcc/arm-none-eabi/10.3.1/../../../../arm-none-eabi/lib/thumb/v7e-m+fp/hard\libnosys.a(_exit.o)
 .ARM.attributes
                0x0000000000000000       0x34 c:/st/stm32cubeide_1.10.1/stm32cubeide/plugins/com.st.stm32cube.ide.mcu.externaltools.gnu-tools-for-stm32.10.3-2021.10.win32_1.0.0.202111181127/tools/bin/../lib/gcc/arm-none-eabi/10.3.1/../../../../arm-none-eabi/lib/thumb/v7e-m+fp/hard\libnosys.a(_exit.o)
 .text          0x0000000000000000        0x0 c:/st/stm32cubeide_1.10.1/stm32cubeide/plugins/com.st.stm32cube.ide.mcu.externaltools.gnu-tools-for-stm32.10.3-2021.10.win32_1.0.0.202111181127/tools/bin/../lib/gcc/arm-none-eabi/10.3.1/thumb/v7e-m+fp/hard/crtend.o
 .data          0x0000000000000000        0x0 c:/st/stm32cubeide_1.10.1/stm32cubeide/plugins/com.st.stm32cube.ide.mcu.externaltools.gnu-tools-for-stm32.10.3-2021.10.win32_1.0.0.202111181127/tools/bin/../lib/gcc/arm-none-eabi/10.3.1/thumb/v7e-m+fp/hard/crtend.o
 .bss           0x0000000000000000        0x0 c:/st/stm32cubeide_1.10.1/stm32cubeide/plugins/com.st.stm32cube.ide.mcu.externaltools.gnu-tools-for-stm32.10.3-2021.10.win32_1.0.0.202111181127/tools/bin/../lib/gcc/arm-none-eabi/10.3.1/thumb/v7e-m+fp/hard/crtend.o
 .rodata        0x0000000000000000       0x24 c:/st/stm32cubeide_1.10.1/stm32cubeide/plugins/com.st.stm32cube.ide.mcu.externaltools.gnu-tools-for-stm32.10.3-2021.10.win32_1.0.0.202111181127/tools/bin/../lib/gcc/arm-none-eabi/10.3.1/thumb/v7e-m+fp/hard/crtend.o
 .eh_frame      0x0000000000000000        0x4 c:/st/stm32cubeide_1.10.1/stm32cubeide/plugins/com.st.stm32cube.ide.mcu.externaltools.gnu-tools-for-stm32.10.3-2021.10.win32_1.0.0.202111181127/tools/bin/../lib/gcc/arm-none-eabi/10.3.1/thumb/v7e-m+fp/hard/crtend.o
 .ARM.attributes
                0x0000000000000000       0x34 c:/st/stm32cubeide_1.10.1/stm32cubeide/plugins/com.st.stm32cube.ide.mcu.externaltools.gnu-tools-for-stm32.10.3-2021.10.win32_1.0.0.202111181127/tools/bin/../lib/gcc/arm-none-eabi/10.3.1/thumb/v7e-m+fp/hard/crtend.o
 .text          0x0000000000000000        0x0 c:/st/stm32cubeide_1.10.1/stm32cubeide/plugins/com.st.stm32cube.ide.mcu.externaltools.gnu-tools-for-stm32.10.3-2021.10.win32_1.0.0.202111181127/tools/bin/../lib/gcc/arm-none-eabi/10.3.1/thumb/v7e-m+fp/hard/crtn.o
 .data          0x0000000000000000        0x0 c:/st/stm32cubeide_1.10.1/stm32cubeide/plugins/com.st.stm32cube.ide.mcu.externaltools.gnu-tools-for-stm32.10.3-2021.10.win32_1.0.0.202111181127/tools/bin/../lib/gcc/arm-none-eabi/10.3.1/thumb/v7e-m+fp/hard/crtn.o
 .bss           0x0000000000000000        0x0 c:/st/stm32cubeide_1.10.1/stm32cubeide/plugins/com.st.stm32cube.ide.mcu.externaltools.gnu-tools-for-stm32.10.3-2021.10.win32_1.0.0.202111181127/tools/bin/../lib/gcc/arm-none-eabi/10.3.1/thumb/v7e-m+fp/hard/crtn.o

Memory Configuration

Name             Origin             Length             Attributes
RAM              0x0000000020000000 0x0000000000018000 xrw
RAM2             0x0000000010000000 0x0000000000008000 xrw
FLASH            0x0000000008000000 0x0000000000100000 xr
*default*        0x0000000000000000 0xffffffffffffffff

Linker script and memory map

LOAD c:/st/stm32cubeide_1.10.1/stm32cubeide/plugins/com.st.stm32cube.ide.mcu.externaltools.gnu-tools-for-stm32.10.3-2021.10.win32_1.0.0.202111181127/tools/bin/../lib/gcc/arm-none-eabi/10.3.1/thumb/v7e-m+fp/hard/crti.o
LOAD c:/st/stm32cubeide_1.10.1/stm32cubeide/plugins/com.st.stm32cube.ide.mcu.externaltools.gnu-tools-for-stm32.10.3-2021.10.win32_1.0.0.202111181127/tools/bin/../lib/gcc/arm-none-eabi/10.3.1/thumb/v7e-m+fp/hard/crtbegin.o
LOAD c:/st/stm32cubeide_1.10.1/stm32cubeide/plugins/com.st.stm32cube.ide.mcu.externaltools.gnu-tools-for-stm32.10.3-2021.10.win32_1.0.0.202111181127/tools/bin/../lib/gcc/arm-none-eabi/10.3.1/../../../../arm-none-eabi/lib/thumb/v7e-m+fp/hard/crt0.o
LOAD ./Core/Src/UART.o
LOAD ./Core/Src/button.o
LOAD ./Core/Src/clock.o
LOAD ./Core/Src/led.o
LOAD ./Core/Src/main.o
LOAD ./Core/Src/system_stm32l4xx.o
LOAD ./Core/Src/timer.o
LOAD ./Core/Startup/startup_stm32l476rgtx.o
START GROUP
LOAD c:/st/stm32cubeide_1.10.1/stm32cubeide/plugins/com.st.stm32cube.ide.mcu.externaltools.gnu-tools-for-stm32.10.3-2021.10.win32_1.0.0.202111181127/tools/bin/../lib/gcc/arm-none-eabi/10.3.1/../../../../arm-none-eabi/lib/thumb/v7e-m+fp/hard\libc_nano.a
LOAD c:/st/stm32cubeide_1.10.1/stm32cubeide/plugins/com.st.stm32cube.ide.mcu.externaltools.gnu-tools-for-stm32.10.3-2021.10.win32_1.0.0.202111181127/tools/bin/../lib/gcc/arm-none-eabi/10.3.1/../../../../arm-none-eabi/lib/thumb/v7e-m+fp/hard\libm.a
END GROUP
START GROUP
LOAD c:/st/stm32cubeide_1.10.1/stm32cubeide/plugins/com.st.stm32cube.ide.mcu.externaltools.gnu-tools-for-stm32.10.3-2021.10.win32_1.0.0.202111181127/tools/bin/../lib/gcc/arm-none-eabi/10.3.1/thumb/v7e-m+fp/hard\libgcc.a
LOAD c:/st/stm32cubeide_1.10.1/stm32cubeide/plugins/com.st.stm32cube.ide.mcu.externaltools.gnu-tools-for-stm32.10.3-2021.10.win32_1.0.0.202111181127/tools/bin/../lib/gcc/arm-none-eabi/10.3.1/../../../../arm-none-eabi/lib/thumb/v7e-m+fp/hard\libc_nano.a
END GROUP
START GROUP
LOAD c:/st/stm32cubeide_1.10.1/stm32cubeide/plugins/com.st.stm32cube.ide.mcu.externaltools.gnu-tools-for-stm32.10.3-2021.10.win32_1.0.0.202111181127/tools/bin/../lib/gcc/arm-none-eabi/10.3.1/thumb/v7e-m+fp/hard\libgcc.a
LOAD c:/st/stm32cubeide_1.10.1/stm32cubeide/plugins/com.st.stm32cube.ide.mcu.externaltools.gnu-tools-for-stm32.10.3-2021.10.win32_1.0.0.202111181127/tools/bin/../lib/gcc/arm-none-eabi/10.3.1/../../../../arm-none-eabi/lib/thumb/v7e-m+fp/hard\libc_nano.a
LOAD c:/st/stm32cubeide_1.10.1/stm32cubeide/plugins/com.st.stm32cube.ide.mcu.externaltools.gnu-tools-for-stm32.10.3-2021.10.win32_1.0.0.202111181127/tools/bin/../lib/gcc/arm-none-eabi/10.3.1/../../../../arm-none-eabi/lib/thumb/v7e-m+fp/hard\libnosys.a
END GROUP
START GROUP
LOAD c:/st/stm32cubeide_1.10.1/stm32cubeide/plugins/com.st.stm32cube.ide.mcu.externaltools.gnu-tools-for-stm32.10.3-2021.10.win32_1.0.0.202111181127/tools/bin/../lib/gcc/arm-none-eabi/10.3.1/thumb/v7e-m+fp/hard\libgcc.a
LOAD c:/st/stm32cubeide_1.10.1/stm32cubeide/plugins/com.st.stm32cube.ide.mcu.externaltools.gnu-tools-for-stm32.10.3-2021.10.win32_1.0.0.202111181127/tools/bin/../lib/gcc/arm-none-eabi/10.3.1/../../../../arm-none-eabi/lib/thumb/v7e-m+fp/hard\libc_nano.a
LOAD c:/st/stm32cubeide_1.10.1/stm32cubeide/plugins/com.st.stm32cube.ide.mcu.externaltools.gnu-tools-for-stm32.10.3-2021.10.win32_1.0.0.202111181127/tools/bin/../lib/gcc/arm-none-eabi/10.3.1/../../../../arm-none-eabi/lib/thumb/v7e-m+fp/hard\libnosys.a
END GROUP
LOAD c:/st/stm32cubeide_1.10.1/stm32cubeide/plugins/com.st.stm32cube.ide.mcu.externaltools.gnu-tools-for-stm32.10.3-2021.10.win32_1.0.0.202111181127/tools/bin/../lib/gcc/arm-none-eabi/10.3.1/thumb/v7e-m+fp/hard/crtend.o
LOAD c:/st/stm32cubeide_1.10.1/stm32cubeide/plugins/com.st.stm32cube.ide.mcu.externaltools.gnu-tools-for-stm32.10.3-2021.10.win32_1.0.0.202111181127/tools/bin/../lib/gcc/arm-none-eabi/10.3.1/thumb/v7e-m+fp/hard/crtn.o
                0x0000000020018000                _estack = (ORIGIN (RAM) + LENGTH (RAM))
                0x0000000000000200                _Min_Heap_Size = 0x200
                0x0000000000000400                _Min_Stack_Size = 0x400

.isr_vector     0x0000000008000000      0x188
                0x0000000008000000                . = ALIGN (0x4)
 *(.isr_vector)
 .isr_vector    0x0000000008000000      0x188 ./Core/Startup/startup_stm32l476rgtx.o
                0x0000000008000000                g_pfnVectors
                0x0000000008000188                . = ALIGN (0x4)

.text           0x0000000008000188      0xc24
                0x0000000008000188                . = ALIGN (0x4)
 *(.text)
 .text          0x0000000008000188       0x40 c:/st/stm32cubeide_1.10.1/stm32cubeide/plugins/com.st.stm32cube.ide.mcu.externaltools.gnu-tools-for-stm32.10.3-2021.10.win32_1.0.0.202111181127/tools/bin/../lib/gcc/arm-none-eabi/10.3.1/thumb/v7e-m+fp/hard/crtbegin.o
 .text          0x00000000080001c8      0x254 c:/st/stm32cubeide_1.10.1/stm32cubeide/plugins/com.st.stm32cube.ide.mcu.externaltools.gnu-tools-for-stm32.10.3-2021.10.win32_1.0.0.202111181127/tools/bin/../lib/gcc/arm-none-eabi/10.3.1/thumb/v7e-m+fp/hard\libgcc.a(_arm_muldf3.o)
                0x00000000080001c8                __muldf3
                0x00000000080001c8                __aeabi_dmul
 .text          0x000000000800041c      0x378 c:/st/stm32cubeide_1.10.1/stm32cubeide/plugins/com.st.stm32cube.ide.mcu.externaltools.gnu-tools-for-stm32.10.3-2021.10.win32_1.0.0.202111181127/tools/bin/../lib/gcc/arm-none-eabi/10.3.1/thumb/v7e-m+fp/hard\libgcc.a(_arm_addsubdf3.o)
                0x000000000800041c                __aeabi_drsub
                0x0000000008000424                __aeabi_dsub
                0x0000000008000424                __subdf3
                0x0000000008000428                __aeabi_dadd
                0x0000000008000428                __adddf3
                0x00000000080006a0                __floatunsidf
                0x00000000080006a0                __aeabi_ui2d
                0x00000000080006c0                __floatsidf
                0x00000000080006c0                __aeabi_i2d
                0x00000000080006e4                __aeabi_f2d
                0x00000000080006e4                __extendsfdf2
                0x0000000008000728                __floatundidf
                0x0000000008000728                __aeabi_ul2d
                0x0000000008000738                __floatdidf
                0x0000000008000738                __aeabi_l2d
 .text          0x0000000008000794       0xa0 c:/st/stm32cubeide_1.10.1/stm32cubeide/plugins/com.st.stm32cube.ide.mcu.externaltools.gnu-tools-for-stm32.10.3-2021.10.win32_1.0.0.202111181127/tools/bin/../lib/gcc/arm-none-eabi/10.3.1/thumb/v7e-m+fp/hard\libgcc.a(_arm_truncdfsf2.o)
                0x0000000008000794                __truncdfsf2
                0x0000000008000794                __aeabi_d2f
 *(.text*)
 .text.UART2_Init
                0x0000000008000834       0x48 ./Core/Src/UART.o
                0x0000000008000834                UART2_Init
 .text.UART2_GPIO_Init
                0x000000000800087c       0x90 ./Core/Src/UART.o
                0x000000000800087c                UART2_GPIO_Init
 .text.USART_Init
                0x000000000800090c      0x10c ./Core/Src/UART.o
                0x000000000800090c                USART_Init
 .text.USART_Read
                0x0000000008000a18       0x2a ./Core/Src/UART.o
                0x0000000008000a18                USART_Read
 .text.USART_Write
                0x0000000008000a42       0x66 ./Core/Src/UART.o
                0x0000000008000a42                USART_Write
 .text.USART_Delay
                0x0000000008000aa8       0x40 ./Core/Src/UART.o
                0x0000000008000aa8                USART_Delay
 .text.clock_init
                0x0000000008000ae8       0x6c ./Core/Src/clock.o
                0x0000000008000ae8                clock_init
 .text.led_init
                0x0000000008000b54       0x5e ./Core/Src/led.o
                0x0000000008000b54                led_init
 .text.led_set  0x0000000008000bb2       0x3e ./Core/Src/led.o
                0x0000000008000bb2                led_set
 .text.main     0x0000000008000bf0       0xa4 ./Core/Src/main.o
                0x0000000008000bf0                main
 .text.SystemInit
                0x0000000008000c94       0x64 ./Core/Src/system_stm32l4xx.o
                0x0000000008000c94                SystemInit
 .text.Reset_Handler
                0x0000000008000cf8       0x50 ./Core/Startup/startup_stm32l476rgtx.o
                0x0000000008000cf8                Reset_Handler
 .text.Default_Handler
                0x0000000008000d48        0x2 ./Core/Startup/startup_stm32l476rgtx.o
                0x0000000008000d48                RTC_Alarm_IRQHandler
                0x0000000008000d48                EXTI2_IRQHandler
                0x0000000008000d48                TIM8_TRG_COM_IRQHandler
                0x0000000008000d48                TIM8_CC_IRQHandler
                0x0000000008000d48                DebugMon_Handler
                0x0000000008000d48                TIM1_CC_IRQHandler
                0x0000000008000d48                TSC_IRQHandler
                0x0000000008000d48                HardFault_Handler
                0x0000000008000d48                SysTick_Handler
                0x0000000008000d48                TAMP_STAMP_IRQHandler
                0x0000000008000d48                PendSV_Handler
                0x0000000008000d48                NMI_Handler
                0x0000000008000d48                EXTI3_IRQHandler
                0x0000000008000d48                LPTIM2_IRQHandler
                0x0000000008000d48                DFSDM1_FLT1_IRQHandler
                0x0000000008000d48                I2C3_ER_IRQHandler
                0x0000000008000d48                DFSDM1_FLT2_IRQHandler
                0x0000000008000d48                EXTI0_IRQHandler
                0x0000000008000d48                I2C2_EV_IRQHandler
                0x0000000008000d48                CAN1_RX0_IRQHandler
                0x0000000008000d48                FPU_IRQHandler
                0x0000000008000d48                TIM1_UP_TIM16_IRQHandler
                0x0000000008000d48                UsageFault_Handler
                0x0000000008000d48                ADC1_2_IRQHandler
                0x0000000008000d48                SPI1_IRQHandler
                0x0000000008000d48                TIM6_DAC_IRQHandler
                0x0000000008000d48                TIM8_UP_IRQHandler
                0x0000000008000d48                DMA2_Channel2_IRQHandler
                0x0000000008000d48                DMA1_Channel4_IRQHandler
                0x0000000008000d48                SAI2_IRQHandler
                0x0000000008000d48                DFSDM1_FLT3_IRQHandler
                0x0000000008000d48                USART3_IRQHandler
                0x0000000008000d48                DMA1_Channel7_IRQHandler
                0x0000000008000d48                CAN1_RX1_IRQHandler
                0x0000000008000d48                LCD_IRQHandler
                0x0000000008000d48                UART5_IRQHandler
                0x0000000008000d48                ADC3_IRQHandler
                0x0000000008000d48                TIM4_IRQHandler
                0x0000000008000d48                DMA2_Channel1_IRQHandler
                0x0000000008000d48                QUADSPI_IRQHandler
                0x0000000008000d48                I2C1_EV_IRQHandler
                0x0000000008000d48                DMA1_Channel6_IRQHandler
                0x0000000008000d48                UART4_IRQHandler
                0x0000000008000d48                DMA2_Channel4_IRQHandler
                0x0000000008000d48                TIM3_IRQHandler
                0x0000000008000d48                RCC_IRQHandler
                0x0000000008000d48                DMA1_Channel1_IRQHandler
                0x0000000008000d48                Default_Handler
                0x0000000008000d48                DMA2_Channel7_IRQHandler
                0x0000000008000d48                EXTI15_10_IRQHandler
                0x0000000008000d48                TIM7_IRQHandler
                0x0000000008000d48                SDMMC1_IRQHandler
                0x0000000008000d48                TIM5_IRQHandler
                0x0000000008000d48                I2C3_EV_IRQHandler
                0x0000000008000d48                EXTI9_5_IRQHandler
                0x0000000008000d48                RTC_WKUP_IRQHandler
                0x0000000008000d48                PVD_PVM_IRQHandler
                0x0000000008000d48                SPI2_IRQHandler
                0x0000000008000d48                MemManage_Handler
                0x0000000008000d48                CAN1_TX_IRQHandler
                0x0000000008000d48                SVC_Handler
                0x0000000008000d48                DMA2_Channel5_IRQHandler
                0x0000000008000d48                DMA1_Channel5_IRQHandler
                0x0000000008000d48                EXTI4_IRQHandler
                0x0000000008000d48                RNG_IRQHandler
                0x0000000008000d48                TIM1_TRG_COM_TIM17_IRQHandler
                0x0000000008000d48                DMA1_Channel3_IRQHandler
                0x0000000008000d48                COMP_IRQHandler
                0x0000000008000d48                WWDG_IRQHandler
                0x0000000008000d48                LPUART1_IRQHandler
                0x0000000008000d48                DMA2_Channel6_IRQHandler
                0x0000000008000d48                TIM2_IRQHandler
                0x0000000008000d48                EXTI1_IRQHandler
                0x0000000008000d48                USART2_IRQHandler
                0x0000000008000d48                DFSDM1_FLT0_IRQHandler
                0x0000000008000d48                I2C2_ER_IRQHandler
                0x0000000008000d48                DMA1_Channel2_IRQHandler
                0x0000000008000d48                TIM8_BRK_IRQHandler
                0x0000000008000d48                CAN1_SCE_IRQHandler
                0x0000000008000d48                FLASH_IRQHandler
                0x0000000008000d48                BusFault_Handler
                0x0000000008000d48                USART1_IRQHandler
                0x0000000008000d48                OTG_FS_IRQHandler
                0x0000000008000d48                SPI3_IRQHandler
                0x0000000008000d48                I2C1_ER_IRQHandler
                0x0000000008000d48                FMC_IRQHandler
                0x0000000008000d48                SWPMI1_IRQHandler
                0x0000000008000d48                LPTIM1_IRQHandler
                0x0000000008000d48                SAI1_IRQHandler
                0x0000000008000d48                DMA2_Channel3_IRQHandler
                0x0000000008000d48                TIM1_BRK_TIM15_IRQHandler
 *fill*         0x0000000008000d4a        0x2 
 .text.__libc_init_array
                0x0000000008000d4c       0x48 c:/st/stm32cubeide_1.10.1/stm32cubeide/plugins/com.st.stm32cube.ide.mcu.externaltools.gnu-tools-for-stm32.10.3-2021.10.win32_1.0.0.202111181127/tools/bin/../lib/gcc/arm-none-eabi/10.3.1/../../../../arm-none-eabi/lib/thumb/v7e-m+fp/hard\libc_nano.a(lib_a-init.o)
                0x0000000008000d4c                __libc_init_array
 *(.glue_7)
 .glue_7        0x0000000008000d94        0x0 linker stubs
 *(.glue_7t)
 .glue_7t       0x0000000008000d94        0x0 linker stubs
 *(.eh_frame)
 .eh_frame      0x0000000008000d94        0x0 c:/st/stm32cubeide_1.10.1/stm32cubeide/plugins/com.st.stm32cube.ide.mcu.externaltools.gnu-tools-for-stm32.10.3-2021.10.win32_1.0.0.202111181127/tools/bin/../lib/gcc/arm-none-eabi/10.3.1/thumb/v7e-m+fp/hard/crtbegin.o
 *(.init)
 .init          0x0000000008000d94        0x4 c:/st/stm32cubeide_1.10.1/stm32cubeide/plugins/com.st.stm32cube.ide.mcu.externaltools.gnu-tools-for-stm32.10.3-2021.10.win32_1.0.0.202111181127/tools/bin/../lib/gcc/arm-none-eabi/10.3.1/thumb/v7e-m+fp/hard/crti.o
                0x0000000008000d94                _init
 .init          0x0000000008000d98        0x8 c:/st/stm32cubeide_1.10.1/stm32cubeide/plugins/com.st.stm32cube.ide.mcu.externaltools.gnu-tools-for-stm32.10.3-2021.10.win32_1.0.0.202111181127/tools/bin/../lib/gcc/arm-none-eabi/10.3.1/thumb/v7e-m+fp/hard/crtn.o
 *(.fini)
 .fini          0x0000000008000da0        0x4 c:/st/stm32cubeide_1.10.1/stm32cubeide/plugins/com.st.stm32cube.ide.mcu.externaltools.gnu-tools-for-stm32.10.3-2021.10.win32_1.0.0.202111181127/tools/bin/../lib/gcc/arm-none-eabi/10.3.1/thumb/v7e-m+fp/hard/crti.o
                0x0000000008000da0                _fini
 .fini          0x0000000008000da4        0x8 c:/st/stm32cubeide_1.10.1/stm32cubeide/plugins/com.st.stm32cube.ide.mcu.externaltools.gnu-tools-for-stm32.10.3-2021.10.win32_1.0.0.202111181127/tools/bin/../lib/gcc/arm-none-eabi/10.3.1/thumb/v7e-m+fp/hard/crtn.o
                0x0000000008000dac                . = ALIGN (0x4)
                0x0000000008000dac                _etext = .

.vfp11_veneer   0x0000000008000dac        0x0
 .vfp11_veneer  0x0000000008000dac        0x0 linker stubs

.v4_bx          0x0000000008000dac        0x0
 .v4_bx         0x0000000008000dac        0x0 linker stubs

.iplt           0x0000000008000dac        0x0
 .iplt          0x0000000008000dac        0x0 c:/st/stm32cubeide_1.10.1/stm32cubeide/plugins/com.st.stm32cube.ide.mcu.externaltools.gnu-tools-for-stm32.10.3-2021.10.win32_1.0.0.202111181127/tools/bin/../lib/gcc/arm-none-eabi/10.3.1/thumb/v7e-m+fp/hard/crtbegin.o

.rodata         0x0000000008000dac       0x10
                0x0000000008000dac                . = ALIGN (0x4)
 *(.rodata)
 .rodata        0x0000000008000dac        0xf ./Core/Src/main.o
 *(.rodata*)
                0x0000000008000dbc                . = ALIGN (0x4)
 *fill*         0x0000000008000dbb        0x1 

.rel.dyn        0x0000000008000dbc        0x0
 .rel.iplt      0x0000000008000dbc        0x0 c:/st/stm32cubeide_1.10.1/stm32cubeide/plugins/com.st.stm32cube.ide.mcu.externaltools.gnu-tools-for-stm32.10.3-2021.10.win32_1.0.0.202111181127/tools/bin/../lib/gcc/arm-none-eabi/10.3.1/thumb/v7e-m+fp/hard/crtbegin.o

.ARM.extab      0x0000000008000dbc        0x0
                0x0000000008000dbc                . = ALIGN (0x4)
 *(.ARM.extab* .gnu.linkonce.armextab.*)
                0x0000000008000dbc                . = ALIGN (0x4)

.ARM            0x0000000008000dbc        0x0
                0x0000000008000dbc                . = ALIGN (0x4)
                0x0000000008000dbc                __exidx_start = .
 *(.ARM.exidx*)
                0x0000000008000dbc                __exidx_end = .
                0x0000000008000dbc                . = ALIGN (0x4)

.preinit_array  0x0000000008000dbc        0x0
                0x0000000008000dbc                . = ALIGN (0x4)
                0x0000000008000dbc                PROVIDE (__preinit_array_start = .)
 *(.preinit_array*)
                0x0000000008000dbc                PROVIDE (__preinit_array_end = .)
                0x0000000008000dbc                . = ALIGN (0x4)

.init_array     0x0000000008000dbc        0x4
                0x0000000008000dbc                . = ALIGN (0x4)
                0x0000000008000dbc                PROVIDE (__init_array_start = .)
 *(SORT_BY_NAME(.init_array.*))
 *(.init_array*)
 .init_array    0x0000000008000dbc        0x4 c:/st/stm32cubeide_1.10.1/stm32cubeide/plugins/com.st.stm32cube.ide.mcu.externaltools.gnu-tools-for-stm32.10.3-2021.10.win32_1.0.0.202111181127/tools/bin/../lib/gcc/arm-none-eabi/10.3.1/thumb/v7e-m+fp/hard/crtbegin.o
                0x0000000008000dc0                PROVIDE (__init_array_end = .)
                0x0000000008000dc0                . = ALIGN (0x4)

.fini_array     0x0000000008000dc0        0x4
                0x0000000008000dc0                . = ALIGN (0x4)
                [!provide]                        PROVIDE (__fini_array_start = .)
 *(SORT_BY_NAME(.fini_array.*))
 *(.fini_array*)
 .fini_array    0x0000000008000dc0        0x4 c:/st/stm32cubeide_1.10.1/stm32cubeide/plugins/com.st.stm32cube.ide.mcu.externaltools.gnu-tools-for-stm32.10.3-2021.10.win32_1.0.0.202111181127/tools/bin/../lib/gcc/arm-none-eabi/10.3.1/thumb/v7e-m+fp/hard/crtbegin.o
                [!provide]                        PROVIDE (__fini_array_end = .)
                0x0000000008000dc4                . = ALIGN (0x4)
                0x0000000008000dc4                _sidata = LOADADDR (.data)

.data           0x0000000020000000        0x0 load address 0x0000000008000dc4
                0x0000000020000000                . = ALIGN (0x4)
                0x0000000020000000                _sdata = .
 *(.data)
 *(.data*)
 *(.RamFunc)
 *(.RamFunc*)
                0x0000000020000000                . = ALIGN (0x4)
                0x0000000020000000                _edata = .

.igot.plt       0x0000000020000000        0x0 load address 0x0000000008000dc4
 .igot.plt      0x0000000020000000        0x0 c:/st/stm32cubeide_1.10.1/stm32cubeide/plugins/com.st.stm32cube.ide.mcu.externaltools.gnu-tools-for-stm32.10.3-2021.10.win32_1.0.0.202111181127/tools/bin/../lib/gcc/arm-none-eabi/10.3.1/thumb/v7e-m+fp/hard/crtbegin.o
                0x0000000020000000                . = ALIGN (0x4)

.bss            0x0000000020000000       0x1c load address 0x0000000008000dc4
                0x0000000020000000                _sbss = .
                0x0000000020000000                __bss_start__ = _sbss
 *(.bss)
 .bss           0x0000000020000000       0x1c c:/st/stm32cubeide_1.10.1/stm32cubeide/plugins/com.st.stm32cube.ide.mcu.externaltools.gnu-tools-for-stm32.10.3-2021.10.win32_1.0.0.202111181127/tools/bin/../lib/gcc/arm-none-eabi/10.3.1/thumb/v7e-m+fp/hard/crtbegin.o
 *(.bss*)
 *(COMMON)
                0x000000002000001c                . = ALIGN (0x4)
                0x000000002000001c                _ebss = .
                0x000000002000001c                __bss_end__ = _ebss

._user_heap_stack
                0x000000002000001c      0x604 load address 0x0000000008000dc4
                0x0000000020000020                . = ALIGN (0x8)
 *fill*         0x000000002000001c        0x4 
                [!provide]                        PROVIDE (end = .)
                [!provide]                        PROVIDE (_end = .)
                0x0000000020000220                . = (. + _Min_Heap_Size)
 *fill*         0x0000000020000020      0x200 
                0x0000000020000620                . = (. + _Min_Stack_Size)
 *fill*         0x0000000020000220      0x400 
                0x0000000020000620                . = ALIGN (0x8)

/DISCARD/
 libc.a(*)
 libm.a(*)
 libgcc.a(*)

.ARM.attributes
                0x0000000000000000       0x30
 *(.ARM.attributes)
 .ARM.attributes
                0x0000000000000000       0x1e c:/st/stm32cubeide_1.10.1/stm32cubeide/plugins/com.st.stm32cube.ide.mcu.externaltools.gnu-tools-for-stm32.10.3-2021.10.win32_1.0.0.202111181127/tools/bin/../lib/gcc/arm-none-eabi/10.3.1/thumb/v7e-m+fp/hard/crti.o
 .ARM.attributes
                0x000000000000001e       0x34 c:/st/stm32cubeide_1.10.1/stm32cubeide/plugins/com.st.stm32cube.ide.mcu.externaltools.gnu-tools-for-stm32.10.3-2021.10.win32_1.0.0.202111181127/tools/bin/../lib/gcc/arm-none-eabi/10.3.1/thumb/v7e-m+fp/hard/crtbegin.o
 .ARM.attributes
                0x0000000000000052       0x34 ./Core/Src/UART.o
 .ARM.attributes
                0x0000000000000086       0x34 ./Core/Src/clock.o
 .ARM.attributes
                0x00000000000000ba       0x34 ./Core/Src/led.o
 .ARM.attributes
                0x00000000000000ee       0x34 ./Core/Src/main.o
 .ARM.attributes
                0x0000000000000122       0x34 ./Core/Src/system_stm32l4xx.o
 .ARM.attributes
                0x0000000000000156       0x21 ./Core/Startup/startup_stm32l476rgtx.o
 .ARM.attributes
                0x0000000000000177       0x34 c:/st/stm32cubeide_1.10.1/stm32cubeide/plugins/com.st.stm32cube.ide.mcu.externaltools.gnu-tools-for-stm32.10.3-2021.10.win32_1.0.0.202111181127/tools/bin/../lib/gcc/arm-none-eabi/10.3.1/../../../../arm-none-eabi/lib/thumb/v7e-m+fp/hard\libc_nano.a(lib_a-init.o)
 .ARM.attributes
                0x00000000000001ab       0x1e c:/st/stm32cubeide_1.10.1/stm32cubeide/plugins/com.st.stm32cube.ide.mcu.externaltools.gnu-tools-for-stm32.10.3-2021.10.win32_1.0.0.202111181127/tools/bin/../lib/gcc/arm-none-eabi/10.3.1/thumb/v7e-m+fp/hard\libgcc.a(_arm_muldf3.o)
 .ARM.attributes
                0x00000000000001c9       0x1e c:/st/stm32cubeide_1.10.1/stm32cubeide/plugins/com.st.stm32cube.ide.mcu.externaltools.gnu-tools-for-stm32.10.3-2021.10.win32_1.0.0.202111181127/tools/bin/../lib/gcc/arm-none-eabi/10.3.1/thumb/v7e-m+fp/hard\libgcc.a(_arm_addsubdf3.o)
 .ARM.attributes
                0x00000000000001e7       0x1e c:/st/stm32cubeide_1.10.1/stm32cubeide/plugins/com.st.stm32cube.ide.mcu.externaltools.gnu-tools-for-stm32.10.3-2021.10.win32_1.0.0.202111181127/tools/bin/../lib/gcc/arm-none-eabi/10.3.1/thumb/v7e-m+fp/hard\libgcc.a(_arm_truncdfsf2.o)
 .ARM.attributes
                0x0000000000000205       0x1e c:/st/stm32cubeide_1.10.1/stm32cubeide/plugins/com.st.stm32cube.ide.mcu.externaltools.gnu-tools-for-stm32.10.3-2021.10.win32_1.0.0.202111181127/tools/bin/../lib/gcc/arm-none-eabi/10.3.1/thumb/v7e-m+fp/hard/crtn.o
OUTPUT(P1-Timer.elf elf32-littlearm)
LOAD linker stubs
LOAD c:/st/stm32cubeide_1.10.1/stm32cubeide/plugins/com.st.stm32cube.ide.mcu.externaltools.gnu-tools-for-stm32.10.3-2021.10.win32_1.0.0.202111181127/tools/bin/../lib/gcc/arm-none-eabi/10.3.1/../../../../arm-none-eabi/lib/thumb/v7e-m+fp/hard\libc.a
LOAD c:/st/stm32cubeide_1.10.1/stm32cubeide/plugins/com.st.stm32cube.ide.mcu.externaltools.gnu-tools-for-stm32.10.3-2021.10.win32_1.0.0.202111181127/tools/bin/../lib/gcc/arm-none-eabi/10.3.1/../../../../arm-none-eabi/lib/thumb/v7e-m+fp/hard\libm.a
LOAD c:/st/stm32cubeide_1.10.1/stm32cubeide/plugins/com.st.stm32cube.ide.mcu.externaltools.gnu-tools-for-stm32.10.3-2021.10.win32_1.0.0.202111181127/tools/bin/../lib/gcc/arm-none-eabi/10.3.1/thumb/v7e-m+fp/hard\libgcc.a

.debug_info     0x0000000000000000     0x131f
 .debug_info    0x0000000000000000      0x5ed ./Core/Src/UART.o
 .debug_info    0x00000000000005ed      0x2ca ./Core/Src/clock.o
 .debug_info    0x00000000000008b7      0x1bd ./Core/Src/led.o
 .debug_info    0x0000000000000a74      0x2c3 ./Core/Src/main.o
 .debug_info    0x0000000000000d37      0x5c6 ./Core/Src/system_stm32l4xx.o
 .debug_info    0x00000000000012fd       0x22 ./Core/Startup/startup_stm32l476rgtx.o

.debug_abbrev   0x0000000000000000      0x58b
 .debug_abbrev  0x0000000000000000      0x16c ./Core/Src/UART.o
 .debug_abbrev  0x000000000000016c       0x9d ./Core/Src/clock.o
 .debug_abbrev  0x0000000000000209      0x10b ./Core/Src/led.o
 .debug_abbrev  0x0000000000000314      0x14f ./Core/Src/main.o
 .debug_abbrev  0x0000000000000463      0x116 ./Core/Src/system_stm32l4xx.o
 .debug_abbrev  0x0000000000000579       0x12 ./Core/Startup/startup_stm32l476rgtx.o

.debug_aranges  0x0000000000000000      0x110
 .debug_aranges
                0x0000000000000000       0x50 ./Core/Src/UART.o
 .debug_aranges
                0x0000000000000050       0x20 ./Core/Src/clock.o
 .debug_aranges
                0x0000000000000070       0x30 ./Core/Src/led.o
 .debug_aranges
                0x00000000000000a0       0x20 ./Core/Src/main.o
 .debug_aranges
                0x00000000000000c0       0x28 ./Core/Src/system_stm32l4xx.o
 .debug_aranges
                0x00000000000000e8       0x28 ./Core/Startup/startup_stm32l476rgtx.o

.debug_ranges   0x0000000000000000       0xb8
 .debug_ranges  0x0000000000000000       0x40 ./Core/Src/UART.o
 .debug_ranges  0x0000000000000040       0x10 ./Core/Src/clock.o
 .debug_ranges  0x0000000000000050       0x20 ./Core/Src/led.o
 .debug_ranges  0x0000000000000070       0x10 ./Core/Src/main.o
 .debug_ranges  0x0000000000000080       0x18 ./Core/Src/system_stm32l4xx.o
 .debug_ranges  0x0000000000000098       0x20 ./Core/Startup/startup_stm32l476rgtx.o

.debug_macro    0x0000000000000000    0x1d6af
 .debug_macro   0x0000000000000000       0xdb ./Core/Src/UART.o
 .debug_macro   0x00000000000000db      0xa72 ./Core/Src/UART.o
 .debug_macro   0x0000000000000b4d       0x28 ./Core/Src/UART.o
 .debug_macro   0x0000000000000b75       0x22 ./Core/Src/UART.o
 .debug_macro   0x0000000000000b97       0x8e ./Core/Src/UART.o
 .debug_macro   0x0000000000000c25       0x51 ./Core/Src/UART.o
 .debug_macro   0x0000000000000c76      0x103 ./Core/Src/UART.o
 .debug_macro   0x0000000000000d79       0x6a ./Core/Src/UART.o
 .debug_macro   0x0000000000000de3      0x1df ./Core/Src/UART.o
 .debug_macro   0x0000000000000fc2       0x1c ./Core/Src/UART.o
 .debug_macro   0x0000000000000fde       0x22 ./Core/Src/UART.o
 .debug_macro   0x0000000000001000       0xfb ./Core/Src/UART.o
 .debug_macro   0x00000000000010fb     0x1011 ./Core/Src/UART.o
 .debug_macro   0x000000000000210c      0x11f ./Core/Src/UART.o
 .debug_macro   0x000000000000222b    0x1a17a ./Core/Src/UART.o
 .debug_macro   0x000000000001c3a5       0xbf ./Core/Src/clock.o
 .debug_macro   0x000000000001c464       0xcb ./Core/Src/led.o
 .debug_macro   0x000000000001c52f      0x279 ./Core/Src/main.o
 .debug_macro   0x000000000001c7a8       0x52 ./Core/Src/main.o
 .debug_macro   0x000000000001c7fa       0x1e ./Core/Src/main.o
 .debug_macro   0x000000000001c818       0x3c ./Core/Src/main.o
 .debug_macro   0x000000000001c854       0x34 ./Core/Src/main.o
 .debug_macro   0x000000000001c888      0x174 ./Core/Src/main.o
 .debug_macro   0x000000000001c9fc       0x16 ./Core/Src/main.o
 .debug_macro   0x000000000001ca12       0x43 ./Core/Src/main.o
 .debug_macro   0x000000000001ca55       0x34 ./Core/Src/main.o
 .debug_macro   0x000000000001ca89       0x10 ./Core/Src/main.o
 .debug_macro   0x000000000001ca99       0x58 ./Core/Src/main.o
 .debug_macro   0x000000000001caf1       0x71 ./Core/Src/main.o
 .debug_macro   0x000000000001cb62       0x1c ./Core/Src/main.o
 .debug_macro   0x000000000001cb7e      0x12a ./Core/Src/main.o
 .debug_macro   0x000000000001cca8      0x341 ./Core/Src/main.o
 .debug_macro   0x000000000001cfe9       0x10 ./Core/Src/main.o
 .debug_macro   0x000000000001cff9       0x35 ./Core/Src/main.o
 .debug_macro   0x000000000001d02e       0x20 ./Core/Src/main.o
 .debug_macro   0x000000000001d04e       0x1c ./Core/Src/main.o
 .debug_macro   0x000000000001d06a       0x10 ./Core/Src/main.o
 .debug_macro   0x000000000001d07a       0x10 ./Core/Src/main.o
 .debug_macro   0x000000000001d08a       0x1c ./Core/Src/main.o
 .debug_macro   0x000000000001d0a6       0x52 ./Core/Src/main.o
 .debug_macro   0x000000000001d0f8       0x22 ./Core/Src/main.o
 .debug_macro   0x000000000001d11a       0x10 ./Core/Src/main.o
 .debug_macro   0x000000000001d12a       0x52 ./Core/Src/main.o
 .debug_macro   0x000000000001d17c       0xd5 ./Core/Src/main.o
 .debug_macro   0x000000000001d251       0x1c ./Core/Src/main.o
 .debug_macro   0x000000000001d26d       0x3d ./Core/Src/main.o
 .debug_macro   0x000000000001d2aa       0x16 ./Core/Src/main.o
 .debug_macro   0x000000000001d2c0      0x145 ./Core/Src/main.o
 .debug_macro   0x000000000001d405      0x11f ./Core/Src/main.o
 .debug_macro   0x000000000001d524       0x10 ./Core/Src/main.o
 .debug_macro   0x000000000001d534       0xe0 ./Core/Src/system_stm32l4xx.o
 .debug_macro   0x000000000001d614       0x2e ./Core/Src/system_stm32l4xx.o
 .debug_macro   0x000000000001d642       0x6d ./Core/Src/system_stm32l4xx.o

.debug_line     0x0000000000000000     0x1b82
 .debug_line    0x0000000000000000      0x632 ./Core/Src/UART.o
 .debug_line    0x0000000000000632      0x477 ./Core/Src/clock.o
 .debug_line    0x0000000000000aa9      0x482 ./Core/Src/led.o
 .debug_line    0x0000000000000f2b      0x6b7 ./Core/Src/main.o
 .debug_line    0x00000000000015e2      0x518 ./Core/Src/system_stm32l4xx.o
 .debug_line    0x0000000000001afa       0x88 ./Core/Startup/startup_stm32l476rgtx.o

.debug_str      0x0000000000000000    0xa3355
 .debug_str     0x0000000000000000    0x9e173 ./Core/Src/UART.o
                                      0x9e31c (size before relaxing)
 .debug_str     0x000000000009e173       0x1f ./Core/Src/clock.o
                                      0x9e1fc (size before relaxing)
 .debug_str     0x000000000009e192       0x4b ./Core/Src/led.o
                                      0x9e11b (size before relaxing)
 .debug_str     0x000000000009e1dd     0x4902 ./Core/Src/main.o
                                      0xa2af4 (size before relaxing)
 .debug_str     0x00000000000a2adf      0x840 ./Core/Src/system_stm32l4xx.o
                                      0x9ea2f (size before relaxing)
 .debug_str     0x00000000000a331f       0x36 ./Core/Startup/startup_stm32l476rgtx.o
                                         0x6d (size before relaxing)

.comment        0x0000000000000000       0x50
 .comment       0x0000000000000000       0x50 ./Core/Src/UART.o
                                         0x51 (size before relaxing)
 .comment       0x0000000000000050       0x51 ./Core/Src/clock.o
 .comment       0x0000000000000050       0x51 ./Core/Src/led.o
 .comment       0x0000000000000050       0x51 ./Core/Src/main.o
 .comment       0x0000000000000050       0x51 ./Core/Src/system_stm32l4xx.o

.debug_frame    0x0000000000000000      0x374
 .debug_frame   0x0000000000000000      0x110 ./Core/Src/UART.o
 .debug_frame   0x0000000000000110       0x30 ./Core/Src/clock.o
 .debug_frame   0x0000000000000140       0x80 ./Core/Src/led.o
 .debug_frame   0x00000000000001c0       0x30 ./Core/Src/main.o
 .debug_frame   0x00000000000001f0       0x58 ./Core/Src/system_stm32l4xx.o
 .debug_frame   0x0000000000000248       0x2c c:/st/stm32cubeide_1.10.1/stm32cubeide/plugins/com.st.stm32cube.ide.mcu.externaltools.gnu-tools-for-stm32.10.3-2021.10.win32_1.0.0.202111181127/tools/bin/../lib/gcc/arm-none-eabi/10.3.1/../../../../arm-none-eabi/lib/thumb/v7e-m+fp/hard\libc_nano.a(lib_a-init.o)
 .debug_frame   0x0000000000000274       0x30 c:/st/stm32cubeide_1.10.1/stm32cubeide/plugins/com.st.stm32cube.ide.mcu.externaltools.gnu-tools-for-stm32.10.3-2021.10.win32_1.0.0.202111181127/tools/bin/../lib/gcc/arm-none-eabi/10.3.1/thumb/v7e-m+fp/hard\libgcc.a(_arm_muldf3.o)
 .debug_frame   0x00000000000002a4       0xac c:/st/stm32cubeide_1.10.1/stm32cubeide/plugins/com.st.stm32cube.ide.mcu.externaltools.gnu-tools-for-stm32.10.3-2021.10.win32_1.0.0.202111181127/tools/bin/../lib/gcc/arm-none-eabi/10.3.1/thumb/v7e-m+fp/hard\libgcc.a(_arm_addsubdf3.o)
 .debug_frame   0x0000000000000350       0x24 c:/st/stm32cubeide_1.10.1/stm32cubeide/plugins/com.st.stm32cube.ide.mcu.externaltools.gnu-tools-for-stm32.10.3-2021.10.win32_1.0.0.202111181127/tools/bin/../lib/gcc/arm-none-eabi/10.3.1/thumb/v7e-m+fp/hard\libgcc.a(_arm_truncdfsf2.o)
